CREATE SERVER arrowflight_fdw_options_srv
FOREIGN DATA WRAPPER arrowflight_fdw
OPTIONS (
    host 'localhost',
    port '8815',
    write_mode 'staging',
    batch_rows '8',
    max_batch_bytes '1024',
    timeout_ms '1000',
    retry_count '0',
    retry_backoff_ms '10'
);
CREATE SERVER arrowflight_fdw_bad_auth_no_tls_srv
FOREIGN DATA WRAPPER arrowflight_fdw
OPTIONS (
    host 'localhost',
    port '8815',
    auth_token_file '/tmp/token'
);
ERROR:  arrowflight_fdw TLS/auth file options require tls=true
CREATE SERVER arrowflight_fdw_bad_cert_only_srv
FOREIGN DATA WRAPPER arrowflight_fdw
OPTIONS (
    host 'localhost',
    port '8815',
    tls 'true',
    tls_client_cert_file '/tmp/client.pem'
);
ERROR:  arrowflight_fdw options "tls_client_cert_file" and "tls_client_key_file" must be set together
CREATE FOREIGN TABLE arrowflight_fdw_bad_url (
    id int4
)
SERVER arrowflight_fdw_options_srv
OPTIONS (
    url 'http://localhost:8815/dataset/bad_url'
);
ERROR:  invalid Arrow Flight FDW URL
HINT:  Use an arrowflight:// URL.
CREATE FOREIGN TABLE arrowflight_fdw_bad_empty_path (
    id int4
)
SERVER arrowflight_fdw_options_srv
OPTIONS (
    path ''
);
ERROR:  arrowflight_fdw path option must not be empty
CREATE FOREIGN TABLE arrowflight_fdw_bad_retry (
    id int4
)
SERVER arrowflight_fdw_options_srv
OPTIONS (
    path 'dataset/bad_retry',
    retry_count '11'
);
ERROR:  invalid retry_count value "11"
HINT:  Use an integer value between 0 and 10.
CREATE FOREIGN TABLE arrowflight_fdw_bad_timeout (
    id int4
)
SERVER arrowflight_fdw_options_srv
OPTIONS (
    path 'dataset/bad_timeout',
    timeout_ms '-2'
);
ERROR:  invalid timeout_ms value "-2"
HINT:  Use an integer value between -1 and 2147483647.
CREATE FOREIGN TABLE arrowflight_fdw_bad_batch_rows (
    id int4
)
SERVER arrowflight_fdw_options_srv
OPTIONS (
    path 'dataset/bad_batch_rows',
    batch_rows '0'
);
ERROR:  invalid batch_rows value "0"
HINT:  Use an integer value between 1 and 2147483647.
CREATE FOREIGN TABLE arrowflight_fdw_bad_max_batch_bytes (
    id int4
)
SERVER arrowflight_fdw_options_srv
OPTIONS (
    path 'dataset/bad_max_batch_bytes',
    max_batch_bytes '-1'
);
ERROR:  invalid max_batch_bytes value "-1"
HINT:  Use an integer value between 0 and 2147483647.
CREATE FOREIGN TABLE arrowflight_fdw_bad_projection (
    id int4
)
SERVER arrowflight_fdw_options_srv
OPTIONS (
    url 'arrowflight://localhost:8815/dataset/bad_projection?projection_pushdown=require'
);
ERROR:  projection_pushdown=require requires use_get_flight_info=true
CREATE FOREIGN TABLE arrowflight_fdw_bad_security_table_option (
    id int4
)
SERVER arrowflight_fdw_options_srv
OPTIONS (
    path 'dataset/bad_security_table_option',
    auth_token_file '/tmp/token'
);
ERROR:  invalid option "auth_token_file" for arrowflight_fdw
HINT:  Use server options such as "host" and "port", and table options such as "path", "url", and "rows".
CREATE FOREIGN TABLE arrowflight_fdw_dist_key_options (
    id int4 OPTIONS (insert_dist_by_key 'true', insert_dist_by_key_weight '0'),
    label text
)
SERVER arrowflight_fdw_options_srv
OPTIONS (
    path 'dataset/dist_key_options'
);
CREATE FOREIGN TABLE arrowflight_fdw_bad_dist_key_weight (
    id int4 OPTIONS (insert_dist_by_key_weight '-1')
)
SERVER arrowflight_fdw_options_srv
OPTIONS (
    path 'dataset/bad_dist_key_weight'
);
ERROR:  invalid insert_dist_by_key_weight value "-1"
HINT:  Use an integer value between 0 and 2147483647.
CREATE FOREIGN TABLE arrowflight_fdw_bad_dist_key_table_option (
    id int4
)
SERVER arrowflight_fdw_options_srv
OPTIONS (
    path 'dataset/bad_dist_key_table_option',
    insert_dist_by_key 'true'
);
ERROR:  invalid option "insert_dist_by_key" for arrowflight_fdw
HINT:  Use server options such as "host" and "port", and table options such as "path", "url", and "rows".
DROP FOREIGN TABLE arrowflight_fdw_dist_key_options;
DROP SERVER arrowflight_fdw_options_srv;
