--
-- Test statistics collection with GGDB specific wait events. Resgroup
--
!\retcode gpconfig -c gp_resource_manager -v group;
(exited with code 0)
!\retcode gpstop -raq -M fast;
(exited with code 0)
CREATE EXTENSION gg_wait_sampling;
CREATE EXTENSION
CREATE RESOURCE GROUP rg_wait_test WITH(concurrency=0, cpu_max_percent=20);
CREATE RESOURCE GROUP
CREATE ROLE role_wait_test RESOURCE GROUP rg_wait_test;
CREATE ROLE
1:SET ROLE role_wait_test;
SET
1&:BEGIN;  <waiting ...>

-- gg_wait_sampling_current shows the current wait event
SELECT query, queryid, mppsessionid, command_id, wait_event_type FROM gg_wait_sampling_current JOIN pg_stat_activity USING(pid) WHERE wait_event_type='ResourceGroup';
 query  | queryid | mppsessionid | command_id | wait_event_type 
--------+---------+--------------+------------+-----------------
 BEGIN; | 0       | 0            | 0          | ResourceGroup   
(1 row)

-- gg_wait_sampling_history shows the wait event history
-- gg_wait_sampling_profile shows the wait event per pid profile
SELECT pg_sleep(2);
 pg_sleep 
----------
          
(1 row)
SELECT event_type, count(event) > 100 as is_history_long, segid FROM gg_wait_sampling_history WHERE event='ResourceGroup' GROUP BY event_type, segid;
 event_type    | is_history_long | segid 
---------------+-----------------+-------
 ResourceGroup | t               | -1    
(1 row)
SELECT event, event_type, segid FROM gg_wait_sampling_profile WHERE event='ResourceGroup';
 event         | event_type    | segid 
---------------+---------------+-------
 ResourceGroup | ResourceGroup | -1    
(1 row)

ALTER RESOURCE GROUP rg_wait_test SET CONCURRENCY 1;
ALTER RESOURCE GROUP
1<:  <... completed>
BEGIN
1q: ... <quitting>
DROP ROLE role_wait_test;
DROP ROLE
DROP RESOURCE GROUP rg_wait_test;
DROP RESOURCE GROUP
DROP EXTENSION gg_wait_sampling;
DROP EXTENSION
!\retcode gpconfig -r gp_resource_manager;
(exited with code 0)
!\retcode gpstop -raq -M fast;
(exited with code 0)
