-- Install the previous version first: the library must keep serving the 1.1
-- declarations (tmid is reported as NULL) until the extension is updated.
CREATE EXTENSION gg_wait_sampling VERSION '1.1';
SELECT count(*) > 0 AS has_rows, bool_and(tmid IS NULL) AS tmid_is_null
FROM gg_wait_sampling_current;
 has_rows | tmid_is_null 
----------+--------------
 t        | t
(1 row)

SELECT coalesce(bool_and(tmid IS NULL), true) AS tmid_is_null
FROM gg_wait_sampling_history;
 tmid_is_null 
--------------
 t
(1 row)

SELECT coalesce(bool_and(tmid IS NULL), true) AS tmid_is_null
FROM gg_wait_sampling_profile;
 tmid_is_null 
--------------
 t
(1 row)

-- Upgrade to the current version and check the new row types.
ALTER EXTENSION gg_wait_sampling UPDATE;
SELECT extversion FROM pg_extension WHERE extname = 'gg_wait_sampling';
 extversion 
------------
 1.2
(1 row)

SELECT count(*) > 0 AS has_rows FROM gg_wait_sampling_current;
 has_rows 
----------
 t
(1 row)

SELECT count(*) >= 0 AS ok FROM gg_wait_sampling_history;
 ok 
----
 t
(1 row)

SELECT count(*) >= 0 AS ok FROM gg_wait_sampling_profile;
 ok 
----
 t
(1 row)

\d gg_wait_sampling_current
         View "public.gg_wait_sampling_current"
    Column    |  Type   | Collation | Nullable | Default 
--------------+---------+-----------+----------+---------
 pid          | integer |           |          | 
 event_type   | text    |           |          | 
 event        | text    |           |          | 
 queryid      | bigint  |           |          | 
 mppsessionid | integer |           |          | 
 command_id   | integer |           |          | 
 segid        | integer |           |          | 

\d gg_wait_sampling_history
                  View "public.gg_wait_sampling_history"
    Column    |           Type           | Collation | Nullable | Default 
--------------+--------------------------+-----------+----------+---------
 pid          | integer                  |           |          | 
 ts           | timestamp with time zone |           |          | 
 event_type   | text                     |           |          | 
 event        | text                     |           |          | 
 queryid      | bigint                   |           |          | 
 mppsessionid | integer                  |           |          | 
 command_id   | integer                  |           |          | 
 segid        | integer                  |           |          | 

\d gg_wait_sampling_profile
         View "public.gg_wait_sampling_profile"
    Column    |  Type   | Collation | Nullable | Default 
--------------+---------+-----------+----------+---------
 pid          | integer |           |          | 
 event_type   | text    |           |          | 
 event        | text    |           |          | 
 queryid      | bigint  |           |          | 
 count        | bigint  |           |          | 
 mppsessionid | integer |           |          | 
 command_id   | integer |           |          | 
 segid        | integer |           |          | 

\d gg_wait_sampling_reset_profile
       View "public.gg_wait_sampling_reset_profile"
    Column     |  Type   | Collation | Nullable | Default 
---------------+---------+-----------+----------+---------
 gp_segment_id | integer |           |          | 
 done          | boolean |           |          | 

DROP EXTENSION gg_wait_sampling;
-- A declaration whose row type differs from what the library fills is rejected.
CREATE FUNCTION bad_current(pid int4 DEFAULT NULL,
  OUT pid int4, OUT event_type text, OUT event text, OUT queryid int8,
  OUT mppsessionid timestamptz, OUT command_id int4, OUT segid int4)
RETURNS SETOF record AS '$libdir/gg_wait_sampling', 'pg_wait_sampling_get_current'
LANGUAGE C VOLATILE CALLED ON NULL INPUT;
SELECT mppsessionid FROM bad_current();
ERROR:  function result type does not match the gg_wait_sampling declaration
DETAIL:  Column 5 has type timestamp with time zone, expected integer.
DROP FUNCTION bad_current(int4);
CREATE FUNCTION bad_history(OUT pid int4, OUT ts timestamptz, OUT event_type text,
  OUT event text, OUT queryid int8, OUT mppsessionid int4, OUT command_id int4,
  OUT tmid int4, OUT segid int4, OUT extra int4)
RETURNS SETOF record AS '$libdir/gg_wait_sampling', 'pg_wait_sampling_get_history'
LANGUAGE C VOLATILE STRICT;
SELECT count(*) FROM bad_history();
ERROR:  function result type does not match the gg_wait_sampling declaration
DETAIL:  Expected 8 or 9 columns, got 10.
DROP FUNCTION bad_history();
