-- Test setting numsegments value for table creation during rebalance operation
create extension if not exists gp_rebalance_numsegments;
CREATE

-- Test error throwing when catalog is not locked by ggrebalance
select gp_toolkit.gp_set_rebalance_numsegments(2);
ERROR:  ggrebalance not in progress, function can be used only under catalog lock
select gp_toolkit.gp_get_rebalance_numsegments();
ERROR:  ggrebalance not in progress, function can be used only under catalog lock
select gp_toolkit.gp_reset_rebalance_numsegments();
ERROR:  ggrebalance not in progress, function can be used only under catalog lock
-- gp_rebalance_numsegments_is_set() may be called without the catalog lock
select gp_toolkit.gp_rebalance_numsegments_is_set();
 gp_rebalance_numsegments_is_set 
---------------------------------
 0                               
(1 row)
-- Test the numsegment value setting mechanics
1: begin;
BEGIN
1: select gp_expand_lock_catalog();
 gp_expand_lock_catalog 
------------------------
                        
(1 row)
2: create table t_reb (i int) distributed by (i);
ERROR:  gpexpand in progress, catalog changes are disallowed.
1: select gp_toolkit.gp_get_rebalance_numsegments();
 gp_get_rebalance_numsegments 
------------------------------
 2147483647                   
(1 row)
1: select gp_toolkit.gp_set_rebalance_numsegments(2);
 gp_set_rebalance_numsegments 
------------------------------
 2                            
(1 row)
1: select gp_toolkit.gp_get_rebalance_numsegments();
 gp_get_rebalance_numsegments 
------------------------------
 2                            
(1 row)
1: select gp_toolkit.gp_reset_rebalance_numsegments();
 gp_reset_rebalance_numsegments 
--------------------------------
                                
(1 row)
1: select gp_toolkit.gp_get_rebalance_numsegments();
 gp_get_rebalance_numsegments 
------------------------------
 2147483647                   
(1 row)
1: select gp_toolkit.gp_set_rebalance_numsegments(2);
 gp_set_rebalance_numsegments 
------------------------------
 2                            
(1 row)
1: commit;
COMMIT
-- Test that newly created tables are using updated number of segmetns
1: create table t_reb (i int) distributed by (i);
CREATE
1: select numsegments from gp_distribution_policy where localoid = 't_reb'::regclass;
 numsegments 
-------------
 2           
(1 row)
1: drop table t_reb;
DROP
1: select gp_toolkit.gp_rebalance_numsegments_is_set();
 gp_rebalance_numsegments_is_set 
---------------------------------
 1                               
(1 row)

1: begin;
BEGIN
1: select gp_expand_lock_catalog();
 gp_expand_lock_catalog 
------------------------
                        
(1 row)
1: select gp_toolkit.gp_reset_rebalance_numsegments();
 gp_reset_rebalance_numsegments 
--------------------------------
                                
(1 row)
1: create table t_reb (i int) distributed by (i);
CREATE
1: select  numsegments from gp_distribution_policy where localoid = 't_reb'::regclass;
 numsegments 
-------------
 3           
(1 row)
1: rollback;
ROLLBACK
1: select gp_toolkit.gp_rebalance_numsegments_is_set();
 gp_rebalance_numsegments_is_set 
---------------------------------
 0                               
(1 row)
1q: ... <quitting>
2q: ... <quitting>

drop extension gp_rebalance_numsegments;
DROP
